[www.freefirearab.tk/index.html]
[backblue.gif]
[fade.gif]
[index.html]
[www.freefirearab.tk/favicon.ico]
[www.freefirearab.tk/feeds/posts/default]
[www.freefirearab.tk/feeds/posts/default9522]
[browser.sentry-cdn.com/6.4.1/bundle.min.js]
[www.google-analytics.com/analytics.js]
[d13pxqgp3ixdbh.cloudfront.net/uploads/1606357782a973b19d0da9da6ce1a4a09f5448ed5b.jpg]
[www.freefirearab.tk/style.7.delayed]
[d13pxqgp3ixdbh.cloudfront.net/uploads/1606357786bc1c44d894de4126e5ffab0d263e94f9.png]
[d13pxqgp3ixdbh.cloudfront.net/uploads/160662242907097f092783656b3431fe978c1acd59.png]
[d13pxqgp3ixdbh.cloudfront.net/uploads/1605198014035313f8750beb78e821cd36e4ee628d.png]
[d13pxqgp3ixdbh.cloudfront.net/uploads/1605198014adf9ffe4eda0156f09da916c366d22ef.png]
[d13pxqgp3ixdbh.cloudfront.net/uploads/16051980144ce75ba5e52cd007902df6b41335efdc.png]
[d13pxqgp3ixdbh.cloudfront.net/uploads/16066224241a062c54d295a78c71020ff7f4157922.png]
[d13pxqgp3ixdbh.cloudfront.net/uploads/160662242536057829a0382de6e17bcda35d2cb25b.png]
[d13pxqgp3ixdbh.cloudfront.net/uploads/1606622426cd6dfa86156ea423e82e3f7bd2298509.png]
[d13pxqgp3ixdbh.cloudfront.net/uploads/16066224269c1043eb8769632218aeceff4112ffa2.png]
[d13pxqgp3ixdbh.cloudfront.net/uploads/1606622427404d319aac2ad94ec1b99f3548740763.png]
[d13pxqgp3ixdbh.cloudfront.net/uploads/16066224270f13a63266604846c01f4e8f2575f1ce.png]
[d13pxqgp3ixdbh.cloudfront.net/uploads/16063577870a417ea8213f293d32ce1452802dc4ca.png]
[d13pxqgp3ixdbh.cloudfront.net/uploads/16051909308f891e9d7975618c86331c3b28d9a6ba.png]
[d13pxqgp3ixdbh.cloudfront.net/uploads/16051909312baafdaa04e30dd4c4f66b0de4c4353f.png]
[d13pxqgp3ixdbh.cloudfront.net/uploads/160436571329924a368b12ab7c763d16a4ce7c06b1.png]
[www.freefirearab.tk/main.17.delayed]
[ajax.googleapis.com/ajax/libs/jquery/2.2.4/jquery.min.js]
[d13nu0oomnx5ti.cloudfront.net/3fca1a7.js]
[www.freefirearab.tk/customTemplateGlobal.1a.delayed]
[www.blogger.com/static/v1/widgets/3820152532-widgets.js]
[www.freefirearab.tk/index.html]
[www.blogger.com/img/widgets/stats-flipper.png]
[resources.blogblog.com/img/widgets/s_top.png]
[www.blogger.com/static/v1/widgets/1324390690-widget_css_bundle.css]
[www.freefirearab.tk/style.html]
[www.freefirearab.tk/main.html]
[www.freefirearab.tk/customTemplateGlobal.html]
